---
source: testkit/runner/src/collect/mod.rs
expression: "digest(&corpus(\"write-gate\"))"
---
{
  "run_metrics": {
    "files": 16032,
    "bytes": 65536000.0,
    "db_write_time_ms": 4885.1,
    "lock_retries": 0.0,
    "total_backoff_ms": 0.0,
    "elapsed_ms": 191557.0,
    "permit_wait_ms_total": 24142.6,
    "write_calls_total": 2216.0,
    "write_failures_total": 0.0,
    "write_retries_total": 0.0,
    "checkpoint_total_s": 2.38
  },
  "category_line_counts": {
    "network": 6,
    "disk": 0,
    "hash": 2,
    "hash_profile": 0,
    "scan": 1,
    "patch": 1,
    "db": 3
  },
  "db_values": [
    {
      "operation": "cli-sync-0001",
      "repo": "http://127.0.0.1:8133/",
      "elapsed": 188.18,
      "mod_id": 17.0,
      "name": "@synthetic_031",
      "success": "true",
      "count": 16032.0,
      "bytes": 62.5,
      "network_bytes": 62.5,
      "methods": "full_download=16032",
      "retries": 0.0,
      "ranges": 0.0,
      "range_retries": 0.0,
      "avg": 9.39,
      "p50_file": 0.01,
      "p95_file": 0.04,
      "permit_wait": 362527.84,
      "write_ops": 501.0,
      "write_time": "1.2ms",
      "promote": 8858.75,
      "files": 0.0,
      "checkpoint_batches": 37.0,
      "rows": 31921.0,
      "statements": 146.0,
      "total": 0.0,
      "avg_batch": "64.2ms",
      "rows_per_batch": 862.7,
      "statements_per_batch": 3.9,
      "split_files": 0.0,
      "max_splits": 1.0,
      "file_write_ops": 16032.0,
      "file_write_time": "37.3ms",
      "p50": 1775.57,
      "p95": 2790.18,
      "selected_profile": "Aggressive",
      "finalized": "true",
      "incremental_files": 16032.0,
      "final_files": 0.0,
      "tree_loads": 1.0,
      "incremental": 6.13,
      "finalize": 0.53,
      "raw_hash_blocking": 38.71,
      "hash_metadata": 11.51,
      "part_checksum_persist": 0.03,
      "file_rollup_persist": 0.89,
      "addon_repo_rollup_persist": 0.4,
      "critical_tail_after_download": 0.53,
      "overlapped_with_download": 6.13,
      "hash_scheduler": 2.41,
      "apply_part_hashes": 0.03,
      "file_rollup": 0.5,
      "addon_rollup": 0.78,
      "repository_rollup": 0.02,
      "parts": 501.0,
      "fallback_part_update_parts": 0.0,
      "addons": 32.0,
      "raw_batches": 1894.0,
      "label": "partial_hash",
      "missing": 0.0,
      "bytes_hashed": 2048025.0,
      "bytes_estimated": 2048025.0,
      "total_parts": 1.555,
      "slowest_file": 0.005,
      "blocking_hash": 1.238,
      "metadata": 0.316,
      "semaphore_wait": 0.0,
      "remote_span_files": 0.0,
      "entries": 0.0,
      "mapped_parts": 0.0,
      "fallback_parts": 0.0,
      "parse": 0.0,
      "map": 0.0,
      "mode": "Download",
      "lock_retries": 0.0,
      "avg_backoff_ms": 0.0,
      "total_backoff_ms": 0.0,
      "db_write_time_ms": 4885.1,
      "elapsed_ms": 191557.0,
      "write_categories": 23.0,
      "calls": 17.0,
      "committed": 17.0,
      "failed": 0.0,
      "backoff_ms": 0.0,
      "permit_wait_ms": 0.0,
      "total_ms": 32.7
    },
    {
      "txn": 0.43,
      "checkpoint": 0.0
    },
    {
      "operation": "cli-sync-0001",
      "repo": "http://127.0.0.1:8133/",
      "elapsed": 20.78,
      "mod_id": 25.0,
      "name": "@synthetic_031",
      "success": "true",
      "count": 4832.0,
      "bytes": 18.75,
      "network_bytes": 18.75,
      "methods": "full_download=4832",
      "retries": 0.0,
      "ranges": 0.0,
      "range_retries": 0.0,
      "avg": 10.28,
      "p50_file": 0.02,
      "p95_file": 0.06,
      "permit_wait": 25444.93,
      "write_ops": 151.0,
      "write_time": "0.3ms",
      "promote": 863.0,
      "files": 0.0,
      "checkpoint_batches": 4.0,
      "rows": 9233.0,
      "statements": 37.0,
      "total": 0.0,
      "avg_batch": "151.5ms",
      "rows_per_batch": 2308.2,
      "statements_per_batch": 9.2,
      "split_files": 0.0,
      "max_splits": 1.0,
      "file_write_ops": 4832.0,
      "file_write_time": "11.1ms",
      "p50": 1775.57,
      "p95": 3004.81,
      "selected_profile": "Aggressive",
      "finalized": "true",
      "incremental_files": 4832.0,
      "final_files": 0.0,
      "tree_loads": 1.0,
      "incremental": 1.67,
      "finalize": 0.15,
      "raw_hash_blocking": 11.67,
      "hash_metadata": 3.02,
      "part_checksum_persist": 0.01,
      "file_rollup_persist": 0.42,
      "addon_repo_rollup_persist": 0.09,
      "critical_tail_after_download": 0.15,
      "overlapped_with_download": 1.67,
      "hash_scheduler": 0.7,
      "apply_part_hashes": 0.01,
      "file_rollup": 0.14,
      "addon_rollup": 0.08,
      "repository_rollup": 0.0,
      "parts": 151.0,
      "fallback_part_update_parts": 0.0,
      "addons": 32.0,
      "raw_batches": 696.0,
      "label": "partial_hash",
      "missing": 0.0,
      "bytes_hashed": 614425.0,
      "bytes_estimated": 614425.0,
      "total_parts": 0.466,
      "slowest_file": 0.005,
      "blocking_hash": 0.375,
      "metadata": 0.091,
      "semaphore_wait": 0.0,
      "remote_span_files": 0.0,
      "entries": 0.0,
      "mapped_parts": 0.0,
      "fallback_parts": 0.0,
      "parse": 0.0,
      "map": 0.0,
      "mode": "Download",
      "lock_retries": 0.0,
      "avg_backoff_ms": 0.0,
      "total_backoff_ms": 0.0,
      "db_write_time_ms": 2452.1,
      "elapsed_ms": 21640.0,
      "write_categories": 23.0,
      "calls": 1.0,
      "committed": 1.0,
      "failed": 0.0,
      "backoff_ms": 0.0,
      "permit_wait_ms": 0.0,
      "total_ms": 17.8
    }
  ],
  "sol_operations": [
    {
      "op": "download",
      "record": null
    },
    {
      "op": "hash",
      "record": {
        "op": "hash",
        "actual_s": 0.016,
        "work_bytes": 131072.0,
        "actual_bps": 8414889.0,
        "sol": "na",
        "light_src": "self_baseline",
        "label": "sticky_auto",
        "files": 32.0,
        "parts": 32.0,
        "compute_s": 0.091,
        "wait_s": 0.0
      }
    },
    {
      "op": "quick_scan",
      "record": {
        "op": "quick_scan",
        "actual_s": 0.666,
        "sol": "na",
        "light_src": "self_baseline",
        "repo": "http://127.0.0.1:8133/",
        "addons_total": 32.0,
        "addons_hashed": 32.0,
        "cache_hits_shared": 0.0,
        "cache_hits_persistent": 0.0,
        "deep_scan_files": 4832.0,
        "addons_per_s": 48.1,
        "outcome": "updates"
      }
    }
  ],
  "sol_records": 3
}
