---
source: testkit/runner/src/collect/mod.rs
assertion_line: 84
expression: "digest(&corpus(\"download\"))"
---
{
  "run_metrics": {
    "files": 217,
    "bytes": 4327179551.0,
    "download_retries": 0,
    "download_retried_files": 0,
    "db_write_time_ms": 142.1,
    "lock_retries": 0.0,
    "total_backoff_ms": 0.0,
    "elapsed_ms": 70688.0,
    "permit_wait_ms_total": 572.4,
    "write_calls_total": 413.0,
    "write_failures_total": 0.0,
    "write_retries_total": 0.0,
    "checkpoint_total_s": null,
    "hash_work_bytes": 283874854,
    "hash_total_s": 0.052,
    "tree_verify_runs": 0,
    "fs_watcher_starts": 0,
    "prepared_queue_reuses": 0,
    "pipeline_outcome": null,
    "failed_pipelines": 0,
    "content_refresh_runs": 0,
    "content_refresh_files_sampled": 0,
    "hash_source_segments_files": 0,
    "hash_source_reread_files": 0,
    "hash_batches_after_download": 0,
    "final_hash_flush_files": 0,
    "download_large_files_limit": null,
    "download_small_files_limit": null,
    "download_patch_applies_limit": null,
    "first_download_start_ms": null,
    "patch_fallbacks": 0,
    "patch_applies": 0,
    "patch_range_requests": 0,
    "patch_gap_bytes": 0,
    "patch_copy_bytes": 0,
    "patch_cancelled": 0
  },
  "category_line_counts": {
    "network": 14,
    "disk": 0,
    "hash": 8,
    "hash_profile": 2,
    "scan": 2,
    "patch": 2,
    "db": 5
  },
  "db_values": [
    {
      "operation": "repo-sync-0004",
      "repo": "http://127.0.0.1:8132/",
      "elapsed": 65.14,
      "mod_id": 22,
      "name": "@mod_22",
      "success": "true",
      "count": 532,
      "bytes": 3.94,
      "network_bytes": 4.03,
      "methods": "full_download=217",
      "retries": 0,
      "ranges": 31,
      "range_retries": 0,
      "avg": 3778.78,
      "p50_file": 0.01,
      "p95_file": 4.98,
      "permit_wait": 601.22,
      "write_ops": 1039,
      "write_time": 1857.01,
      "promote": "891.3ms",
      "files": 0,
      "checkpoint_batches": 13,
      "rows": 570,
      "statements": 13,
      "total": 0.0,
      "avg_batch": "2.7ms",
      "rows_per_batch": 43.8,
      "statements_per_batch": 1.0,
      "split_files": 53,
      "max_splits": 51,
      "file_write_ops": 42824,
      "file_write_time": "34.8ms",
      "p50": 7.21,
      "p95": 3269.31,
      "max_range": 8.0,
      "p50_latency": "43.1ms",
      "p95_latency": "285.4ms",
      "transfer_avg": 0.82,
      "selected_profile": "Conservative",
      "finalized": "true",
      "incremental_files": 217,
      "final_files": 0,
      "tree_loads": 1,
      "incremental": 0.9,
      "finalize": 0.19,
      "raw_hash_blocking": 1.13,
      "hash_metadata": 0.04,
      "part_checksum_persist": 0.01,
      "file_rollup_persist": 0.03,
      "addon_repo_rollup_persist": 0.04,
      "critical_tail_after_download": 0.19,
      "overlapped_with_download": 0.9,
      "hash_scheduler": 0.75,
      "apply_part_hashes": 0.01,
      "file_rollup": 0.01,
      "addon_rollup": 0.0,
      "repository_rollup": 0.0,
      "parts": 153,
      "fallback_part_update_parts": 0,
      "addons": 22,
      "raw_batches": 93,
      "label": "partial_hash",
      "missing": 0,
      "bytes_hashed": 81129853,
      "bytes_estimated": 81129853,
      "total_parts": 0.046,
      "slowest_file": 0.013,
      "blocking_hash": 0.041,
      "metadata": 0.004,
      "semaphore_wait": 0.0,
      "remote_span_files": 5,
      "entries": 0,
      "mapped_parts": 0,
      "fallback_parts": 0,
      "parse": 0.0,
      "map": 0.0,
      "mode": "Download",
      "lock_retries": 0,
      "avg_backoff_ms": 0.0,
      "total_backoff_ms": 0,
      "db_write_time_ms": 142.1,
      "elapsed_ms": 70688,
      "write_categories": 24,
      "calls": 22,
      "committed": 22,
      "failed": 0,
      "backoff_ms": 0,
      "permit_wait_ms": 54.7,
      "total_ms": 1.8
    },
    {
      "operation": "repo-sync-0004",
      "repo": "http://127.0.0.1:8132/",
      "elapsed": 65.14,
      "mod_id": 22,
      "name": "@mod_22",
      "success": "true",
      "count": 532,
      "bytes": 3.94,
      "network_bytes": 4.03,
      "methods": "full_download=217",
      "retries": 0,
      "ranges": 31,
      "range_retries": 0,
      "avg": 3778.78,
      "p50_file": 0.01,
      "p95_file": 4.98,
      "permit_wait": 601.22,
      "write_ops": 1039,
      "write_time": 1857.01,
      "promote": "891.3ms",
      "files": 0,
      "checkpoint_batches": 13,
      "rows": 570,
      "statements": 13,
      "total": 0.0,
      "avg_batch": "2.7ms",
      "rows_per_batch": 43.8,
      "statements_per_batch": 1.0,
      "split_files": 53,
      "max_splits": 51,
      "file_write_ops": 42824,
      "file_write_time": "34.8ms",
      "p50": 7.21,
      "p95": 3269.31,
      "max_range": 8.0,
      "p50_latency": "43.1ms",
      "p95_latency": "285.4ms",
      "transfer_avg": 0.82,
      "selected_profile": "Conservative",
      "finalized": "true",
      "incremental_files": 217,
      "final_files": 0,
      "tree_loads": 1,
      "incremental": 0.9,
      "finalize": 0.19,
      "raw_hash_blocking": 1.13,
      "hash_metadata": 0.04,
      "part_checksum_persist": 0.01,
      "file_rollup_persist": 0.03,
      "addon_repo_rollup_persist": 0.04,
      "critical_tail_after_download": 0.19,
      "overlapped_with_download": 0.9,
      "hash_scheduler": 0.75,
      "apply_part_hashes": 0.01,
      "file_rollup": 0.01,
      "addon_rollup": 0.0,
      "repository_rollup": 0.0,
      "parts": 153,
      "fallback_part_update_parts": 0,
      "addons": 22,
      "raw_batches": 93,
      "label": "partial_hash",
      "missing": 0,
      "bytes_hashed": 81129853,
      "bytes_estimated": 81129853,
      "total_parts": 0.046,
      "slowest_file": 0.013,
      "blocking_hash": 0.041,
      "metadata": 0.004,
      "semaphore_wait": 0.0,
      "remote_span_files": 5,
      "entries": 0,
      "mapped_parts": 0,
      "fallback_parts": 0,
      "parse": 0.0,
      "map": 0.0,
      "mode": "Download",
      "lock_retries": 0,
      "avg_backoff_ms": 0.0,
      "total_backoff_ms": 0,
      "db_write_time_ms": 142.1,
      "elapsed_ms": 70688,
      "write_categories": 24,
      "calls": 22,
      "committed": 22,
      "failed": 0,
      "backoff_ms": 0,
      "permit_wait_ms": 54.7,
      "total_ms": 1.8
    },
    {
      "repo": "http://127.0.0.1:8132/",
      "mode": "RecheckOnly",
      "lock_retries": 0,
      "avg_backoff_ms": 0.0,
      "total_backoff_ms": 0,
      "db_write_time_ms": 0.9,
      "elapsed_ms": 137
    },
    {
      "txn": 0.01,
      "checkpoint": 0.0
    },
    {
      "txn": 0.01,
      "checkpoint": 0.0
    }
  ],
  "sol_operations": [
    {
      "op": "download",
      "record": null
    },
    {
      "op": "hash",
      "record": {
        "op": "hash",
        "actual_s": 0.0,
        "sol": "na",
        "light_src": "self_baseline",
        "label": "auto_selected_remaining",
        "files": 0,
        "parts": 0,
        "compute_s": 0.0,
        "wait_s": 0.0
      }
    },
    {
      "op": "quick_scan",
      "record": {
        "op": "quick_scan",
        "actual_s": 0.061,
        "sol": "na",
        "light_src": "self_baseline",
        "repo": "http://127.0.0.1:8132/",
        "addons_total": 22,
        "addons_hashed": 22,
        "cache_hits_shared": 0,
        "cache_hits_persistent": 0,
        "deep_scan_files": 0,
        "addons_per_s": 361.3,
        "outcome": "clean"
      }
    }
  ],
  "sol_records": 5
}
