---
source: testkit/runner/src/collect/mod.rs
expression: "digest(&corpus(\"delta-patch\"))"
---
{
  "run_metrics": {
    "files": 4,
    "bytes": 5158994.0,
    "db_write_time_ms": 21.8,
    "lock_retries": 0.0,
    "total_backoff_ms": 0.0,
    "elapsed_ms": 5532.0,
    "permit_wait_ms_total": 0.4,
    "write_calls_total": 106.0,
    "write_failures_total": 0.0,
    "write_retries_total": 0.0,
    "checkpoint_total_s": null
  },
  "category_line_counts": {
    "network": 10,
    "disk": 0,
    "hash": 2,
    "hash_profile": 0,
    "scan": 2,
    "patch": 14,
    "db": 4
  },
  "db_values": [
    {
      "strategy": "bulk_cte",
      "rows": 196.0,
      "committed": "true",
      "attempts": 1.0,
      "retries": 0.0,
      "sqlite_retries": 0.0,
      "sqlite_backoff_ms": 0.0,
      "sqlite_write_time_ms": 0.0,
      "update_batch_size": 256.0,
      "update_batches": 1.0,
      "update_rows_affected": 196.0,
      "write_wait": 0.0,
      "begin": 0.0,
      "update": 0.003,
      "update_batch_max": 0.003,
      "commit": 0.0,
      "total": 0.004
    },
    {
      "operation": "repo-sync-0003",
      "repo": "http://127.0.0.1:8132/",
      "elapsed": 5.09,
      "mod_id": 2.0,
      "name": "@Star_Of_Damocles_40k_Expansion_Pack",
      "success": "true",
      "count": 4.0,
      "bytes": 197.93,
      "network_bytes": 4.92,
      "methods": "delta_patch=4",
      "retries": 0.0,
      "ranges": 0.0,
      "range_retries": 0.0,
      "avg": 3101.75,
      "p50_file": 0.22,
      "p95_file": 1.72,
      "permit_wait": "0.0ms",
      "write_ops": 0.0,
      "write_time": "0.0ms",
      "promote": "0.0ms",
      "files": 0.0,
      "checkpoint_batches": 1.0,
      "rows": 4.0,
      "statements": 1.0,
      "total": 0.0,
      "avg_batch": "1.0ms",
      "rows_per_batch": 4.0,
      "statements_per_batch": 1.0,
      "split_files": 0.0,
      "max_splits": 0.0,
      "file_write_ops": 0.0,
      "file_write_time": "0.0ms",
      "p50": 0.0,
      "p95": 0.0,
      "selected_profile": "Auto",
      "finalized": "true",
      "incremental_files": 4.0,
      "final_files": 0.0,
      "tree_loads": 1.0,
      "incremental": 0.05,
      "finalize": 0.01,
      "raw_hash_blocking": 0.05,
      "hash_metadata": 0.0,
      "part_checksum_persist": 0.0,
      "file_rollup_persist": 0.0,
      "addon_repo_rollup_persist": 0.0,
      "critical_tail_after_download": 0.01,
      "overlapped_with_download": 0.05,
      "hash_scheduler": 0.04,
      "apply_part_hashes": 0.0,
      "file_rollup": 0.0,
      "addon_rollup": 0.0,
      "repository_rollup": 0.0,
      "parts": 6.0,
      "fallback_part_update_parts": 196.0,
      "addons": 3.0,
      "raw_batches": 3.0,
      "label": "partial_hash",
      "missing": 0.0,
      "bytes_hashed": 47001.0,
      "bytes_estimated": 47001.0,
      "total_parts": 0.002,
      "slowest_file": 0.001,
      "blocking_hash": 0.001,
      "metadata": 0.0,
      "semaphore_wait": 0.0,
      "remote_span_files": 2.0,
      "entries": 0.0,
      "mapped_parts": 0.0,
      "fallback_parts": 0.0,
      "parse": 0.0,
      "map": 0.0,
      "mode": "Download",
      "lock_retries": 0.0,
      "avg_backoff_ms": 0.0,
      "total_backoff_ms": 0.0,
      "db_write_time_ms": 21.8,
      "elapsed_ms": 5532.0,
      "write_categories": 19.0,
      "calls": 1.0,
      "committed": 1.0,
      "failed": 0.0,
      "backoff_ms": 0.0,
      "permit_wait_ms": 0.0,
      "total_ms": 0.5
    },
    {
      "strategy": "bulk_cte",
      "rows": 196.0,
      "committed": "true",
      "attempts": 1.0,
      "retries": 0.0,
      "sqlite_retries": 0.0,
      "sqlite_backoff_ms": 0.0,
      "sqlite_write_time_ms": 0.0,
      "update_batch_size": 256.0,
      "update_batches": 1.0,
      "update_rows_affected": 196.0,
      "write_wait": 0.0,
      "begin": 0.0,
      "update": 0.003,
      "update_batch_max": 0.003,
      "commit": 0.0,
      "total": 0.004
    },
    {
      "operation": "repo-sync-0003",
      "repo": "http://127.0.0.1:8132/",
      "elapsed": 5.09,
      "mod_id": 2.0,
      "name": "@Star_Of_Damocles_40k_Expansion_Pack",
      "success": "true",
      "count": 4.0,
      "bytes": 197.93,
      "network_bytes": 4.92,
      "methods": "delta_patch=4",
      "retries": 0.0,
      "ranges": 0.0,
      "range_retries": 0.0,
      "avg": 3101.75,
      "p50_file": 0.22,
      "p95_file": 1.72,
      "permit_wait": "0.0ms",
      "write_ops": 0.0,
      "write_time": "0.0ms",
      "promote": "0.0ms",
      "files": 0.0,
      "checkpoint_batches": 1.0,
      "rows": 4.0,
      "statements": 1.0,
      "total": 0.0,
      "avg_batch": "1.0ms",
      "rows_per_batch": 4.0,
      "statements_per_batch": 1.0,
      "split_files": 0.0,
      "max_splits": 0.0,
      "file_write_ops": 0.0,
      "file_write_time": "0.0ms",
      "p50": 0.0,
      "p95": 0.0,
      "selected_profile": "Auto",
      "finalized": "true",
      "incremental_files": 4.0,
      "final_files": 0.0,
      "tree_loads": 1.0,
      "incremental": 0.05,
      "finalize": 0.01,
      "raw_hash_blocking": 0.05,
      "hash_metadata": 0.0,
      "part_checksum_persist": 0.0,
      "file_rollup_persist": 0.0,
      "addon_repo_rollup_persist": 0.0,
      "critical_tail_after_download": 0.01,
      "overlapped_with_download": 0.05,
      "hash_scheduler": 0.04,
      "apply_part_hashes": 0.0,
      "file_rollup": 0.0,
      "addon_rollup": 0.0,
      "repository_rollup": 0.0,
      "parts": 6.0,
      "fallback_part_update_parts": 196.0,
      "addons": 3.0,
      "raw_batches": 3.0,
      "label": "partial_hash",
      "missing": 0.0,
      "bytes_hashed": 47001.0,
      "bytes_estimated": 47001.0,
      "total_parts": 0.002,
      "slowest_file": 0.001,
      "blocking_hash": 0.001,
      "metadata": 0.0,
      "semaphore_wait": 0.0,
      "remote_span_files": 2.0,
      "entries": 0.0,
      "mapped_parts": 0.0,
      "fallback_parts": 0.0,
      "parse": 0.0,
      "map": 0.0,
      "mode": "Download",
      "lock_retries": 0.0,
      "avg_backoff_ms": 0.0,
      "total_backoff_ms": 0.0,
      "db_write_time_ms": 21.8,
      "elapsed_ms": 5532.0,
      "write_categories": 19.0,
      "calls": 1.0,
      "committed": 1.0,
      "failed": 0.0,
      "backoff_ms": 0.0,
      "permit_wait_ms": 0.0,
      "total_ms": 0.5
    }
  ],
  "sol_operations": [
    {
      "op": "download",
      "record": null
    },
    {
      "op": "hash",
      "record": {
        "op": "hash",
        "actual_s": 0.04,
        "work_bytes": 207539856.0,
        "actual_bps": 5197409958.0,
        "sol": "na",
        "light_src": "self_baseline",
        "label": "auto_heuristic",
        "files": 4.0,
        "parts": 196.0,
        "compute_s": 0.047,
        "wait_s": 0.0
      }
    },
    {
      "op": "quick_scan",
      "record": {
        "op": "quick_scan",
        "actual_s": 0.056,
        "sol": "na",
        "light_src": "self_baseline",
        "repo": "http://127.0.0.1:8132/",
        "addons_total": 3.0,
        "addons_hashed": 3.0,
        "cache_hits_shared": 0.0,
        "cache_hits_persistent": 0.0,
        "deep_scan_files": 37.0,
        "addons_per_s": 53.2,
        "outcome": "updates"
      }
    }
  ],
  "sol_records": 4
}
